../Platform/modules/canIdle/canIdle.c:91:13:canIdle_Begin	0	static
../Platform/modules/canIdle/canIdle.c:100:13:canIdle_End	0	static
../Platform/modules/canIdle/canIdle.c:625:24:canIdle_EventHandle	0	static
../Platform/modules/canIdle/canIdle.c:646:24:canIdle_Command_Enter	8	static
../Platform/modules/canIdle/canIdle.c:664:13:canIdle_ConfigBaudrate	8	static
../Platform/modules/canIdle/canIdle.c:377:13:canIdle_UpdateDataControl	16	static
../Platform/modules/canIdle/canIdle.c:38:13:canIdle_ScanDevice	112	static
../Platform/modules/canIdle/canIdle.c:324:13:canIdle_AddMd80	32	static
../Platform/modules/canIdle/canIdle.c:112:13:canIdle_Reset	16	static
../Platform/modules/canIdle/canIdle.c:798:13:canIdle_Control	16	static
../Platform/modules/canIdle/canIdle.c:158:13:frameTypeName	0	static
../Platform/modules/canIdle/canIdle.c:207:13:canIdle_GenericFrame	40	static
../Platform/modules/canIdle/canIdle.c:686:13:busFrameName	0	static
../Platform/modules/canIdle/canIdle.c:718:24:canIdle_Command	16	static
../Platform/modules/canIdle/canIdle.c:814:13:busFrameTypeName	0	static
../Platform/modules/canIdle/canIdle.c:845:13:canIdle_UpdateResp	16	static
../Platform/modules/canIdle/canIdle.c:773:24:canIdle_Command_Exit	8	static
../Platform/modules/canIdle/canIdle.c:908:6:canIdle_UpdateCmd	24	static
../Platform/modules/canIdle/canIdle.c:940:6:canIdle_Init	8	static
../Platform/modules/canIdle/canIdle.c:946:6:canIdle_Deinit	0	static
../Platform/modules/canIdle/canIdle.c:951:13:tCanIdle_StatesName	0	static
../Platform/modules/canIdle/canIdle.c:970:6:canIdle_MainFunction	8	static
