../Platform/drivers/md80/md80.c:592:13:md80_PackImpedanceFrame	0	static
../Platform/drivers/md80/md80.c:605:13:md80_PackPositionFrame	0	static
../Platform/drivers/md80/md80.c:618:13:md80_PackVelocityFrame	0	static
../Platform/drivers/md80/md80.c:631:13:md80_PackMotionTargetsFrame	0	static
../Platform/drivers/md80/md80.c:121:13:md80_UpdateCommandFrame	8	static
../Platform/drivers/md80/md80.c:193:13:md80_Transmit	24	static
../Platform/drivers/md80/md80.c:238:6:md80_Init	0	static
../Platform/drivers/md80/md80.c:243:6:md80_Deinit	0	static
../Platform/drivers/md80/md80.c:248:6:md80_UpdateRespondeData	0	static
../Platform/drivers/md80/md80.c:264:6:md80_ConfigBlink	8	static
../Platform/drivers/md80/md80.c:279:6:md80_setupCalibration	8	static
../Platform/drivers/md80/md80.c:295:6:md80_setupCalibrationOutput	8	static
../Platform/drivers/md80/md80.c:333:6:md80_Restart	8	static
../Platform/drivers/md80/md80.c:349:6:md80_SaveConfig	8	static
../Platform/drivers/md80/md80.c:365:6:md80_ReadRegister	8	static
../Platform/drivers/md80/md80.c:389:6:md80_ConfigMd80Can	8	static
../Platform/drivers/md80/md80.c:412:6:md80_ConfigMd80Save	8	static
../Platform/drivers/md80/md80.c:428:6:md80_SendMotionCommand	8	static
../Platform/drivers/md80/md80.c:443:6:md80_SetCurrentLimit	16	static
../Platform/drivers/md80/md80.c:470:6:md80_ControlMd80Mode	16	static
../Platform/drivers/md80/md80.c:488:6:md80_ControlMd80Enable	16	static
../Platform/drivers/md80/md80.c:507:6:md80_MainFunction	8	static
../Platform/drivers/md80/md80.c:521:6:md80_SetPositionControllerParams	0	static
../Platform/drivers/md80/md80.c:534:6:md80_SetVelocityControllerParams	0	static
../Platform/drivers/md80/md80.c:547:6:md80_SetImpedanceControllerParams	0	static
../Platform/drivers/md80/md80.c:554:6:md80_SetMaxTorque	0	static
../Platform/drivers/md80/md80.c:562:6:md80_SetMaxVelocity	0	static
../Platform/drivers/md80/md80.c:568:6:md80_SetTargetPosition	0	static
../Platform/drivers/md80/md80.c:311:6:md80_SetEncoderZero	24	static
../Platform/drivers/md80/md80.c:573:6:md80_SetTargetVelocity	0	static
../Platform/drivers/md80/md80.c:578:6:md80_SetTorque	0	static
../Platform/drivers/md80/md80.c:583:6:md80_ConfigCanBaudrate	0	static
../Platform/drivers/md80/md80.c:587:6:md80_IsEnabled	0	static
