../Platform/drivers/spiDma/spiDma.c:57:6:SpiDma_Init	16	static
../Platform/drivers/spiDma/spiDma.c:76:6:SpiDma_Deinit	0	static
../Platform/drivers/spiDma/spiDma.c:81:6:SpiDma_isBusy	0	static
../Platform/drivers/spiDma/spiDma.c:86:6:SpiDma_CsPinChangeState	8	static
../Platform/drivers/spiDma/spiDma.c:96:6:SpiDma_write	24	static
../Platform/drivers/spiDma/spiDma.c:151:6:SpiDma_read	32	static
../Platform/drivers/spiDma/spiDma.c:209:6:SpiDma_WriteCompleteIrq	16	static
../Platform/drivers/spiDma/spiDma.c:221:6:SpiDma_ReadCompleteIrq	16	static
../Platform/drivers/spiDma/spiDma.c:233:6:HAL_SPI_TxCpltCallback	8	static
../Platform/drivers/spiDma/spiDma.c:238:6:HAL_SPI_TxRxCpltCallback	8	static
