../Core/Src/stm32g4xx_it.c:77:6:NMI_Handler	0	static
../Core/Src/stm32g4xx_it.c:122:6:HardFault_HandlerAsm	0	static,ignoring_inline_asm
../Core/Src/stm32g4xx_it.c:92:6:HardFault_Handler	8	static
../Core/Src/stm32g4xx_it.c:176:6:HardFault_HandlerC	56	static,ignoring_inline_asm
../Core/Src/stm32g4xx_it.c:260:6:MemManage_Handler	0	static
../Core/Src/stm32g4xx_it.c:275:6:BusFault_Handler	0	static
../Core/Src/stm32g4xx_it.c:290:6:UsageFault_Handler	0	static
../Core/Src/stm32g4xx_it.c:305:6:DebugMon_Handler	0	static
../Core/Src/stm32g4xx_it.c:325:6:DMA1_Channel1_IRQHandler	8	static
../Core/Src/stm32g4xx_it.c:339:6:DMA1_Channel2_IRQHandler	8	static
../Core/Src/stm32g4xx_it.c:353:6:DMA1_Channel3_IRQHandler	8	static
../Core/Src/stm32g4xx_it.c:367:6:DMA1_Channel4_IRQHandler	8	static
../Core/Src/stm32g4xx_it.c:381:6:USB_LP_IRQHandler	8	static
../Core/Src/stm32g4xx_it.c:395:6:FDCAN1_IT0_IRQHandler	8	static
../Core/Src/stm32g4xx_it.c:409:6:TIM1_UP_TIM16_IRQHandler	8	static
../Core/Src/stm32g4xx_it.c:423:6:USART1_IRQHandler	8	static
