../Core/Src/stm32g4xx_it.c:77:6:NMI_Handler	0	static
../Core/Src/stm32g4xx_it.c:92:6:HardFault_Handler	0	static
../Core/Src/stm32g4xx_it.c:107:6:MemManage_Handler	0	static
../Core/Src/stm32g4xx_it.c:122:6:BusFault_Handler	0	static
../Core/Src/stm32g4xx_it.c:137:6:UsageFault_Handler	0	static
../Core/Src/stm32g4xx_it.c:152:6:DebugMon_Handler	0	static
../Core/Src/stm32g4xx_it.c:172:6:DMA1_Channel1_IRQHandler	8	static
../Core/Src/stm32g4xx_it.c:186:6:DMA1_Channel2_IRQHandler	8	static
../Core/Src/stm32g4xx_it.c:200:6:DMA1_Channel3_IRQHandler	8	static
../Core/Src/stm32g4xx_it.c:214:6:DMA1_Channel4_IRQHandler	8	static
../Core/Src/stm32g4xx_it.c:228:6:USB_LP_IRQHandler	8	static
../Core/Src/stm32g4xx_it.c:242:6:FDCAN1_IT0_IRQHandler	8	static
../Core/Src/stm32g4xx_it.c:256:6:TIM1_UP_TIM16_IRQHandler	8	static
../Core/Src/stm32g4xx_it.c:270:6:USART1_IRQHandler	8	static
