../Platform/drivers/tmc/ic/TMC8462/TMC8462.c:11:6:tmc8462_esc_read	16	static
../Platform/drivers/tmc/ic/TMC8462/TMC8462.c:25:6:tmc8462_esc_write	16	static
../Platform/drivers/tmc/ic/TMC8462/TMC8462.c:38:6:tmc8462_mfc_read	16	static
../Platform/drivers/tmc/ic/TMC8462/TMC8462.c:52:6:tmc8462_mfc_write	16	static
../Platform/drivers/tmc/ic/TMC8462/TMC8462.c:65:6:tmc8462_esc_read_data	32	static
../Platform/drivers/tmc/ic/TMC8462/TMC8462.c:92:9:tmc8462_esc_read_8	16	static
../Platform/drivers/tmc/ic/TMC8462/TMC8462.c:101:10:tmc8462_esc_read_16	16	static
../Platform/drivers/tmc/ic/TMC8462/TMC8462.c:110:10:tmc8462_esc_read_32	16	static
../Platform/drivers/tmc/ic/TMC8462/TMC8462.c:119:6:tmc8462_esc_write_data	24	static
../Platform/drivers/tmc/ic/TMC8462/TMC8462.c:134:6:tmc8462_esc_write_8	16	static
../Platform/drivers/tmc/ic/TMC8462/TMC8462.c:139:6:tmc8462_esc_write_16	16	static
../Platform/drivers/tmc/ic/TMC8462/TMC8462.c:148:6:tmc8462_esc_write_32	16	static
../Platform/drivers/tmc/ic/TMC8462/TMC8462.c:159:6:tmc8462_mfc_read_data	32	static
../Platform/drivers/tmc/ic/TMC8462/TMC8462.c:186:6:tmc8462_mfc_read_32	16	static
../Platform/drivers/tmc/ic/TMC8462/TMC8462.c:195:6:tmc8462_mfc_read_64	16	static
../Platform/drivers/tmc/ic/TMC8462/TMC8462.c:204:6:tmc8462_mfc_read_auto	8	static
../Platform/drivers/tmc/ic/TMC8462/TMC8462.c:218:6:tmc8462_mfc_write_data	24	static
../Platform/drivers/tmc/ic/TMC8462/TMC8462.c:233:6:tmc8462_mfc_write_32	16	static
../Platform/drivers/tmc/ic/TMC8462/TMC8462.c:245:6:tmc8462_mfc_write_64	16	static
../Platform/drivers/tmc/ic/TMC8462/TMC8462.c:261:6:tmc8462_mfc_write_auto	8	static
../Platform/drivers/tmc/ic/TMC8462/TMC8462.c:275:6:tmc8462_initConfig	8	static
