../Platform/drivers/soes/ecat_slv.c:45:10:ESC_download_pre_objecthandler	40	static
../Platform/drivers/soes/ecat_slv.c:82:10:ESC_download_post_objecthandler	8	static
../Platform/drivers/soes/ecat_slv.c:98:10:ESC_upload_pre_objecthandler	24	static
../Platform/drivers/soes/ecat_slv.c:123:10:ESC_upload_post_objecthandler	8	static
../Platform/drivers/soes/ecat_slv.c:136:6:APP_safeoutput	8	static
../Platform/drivers/soes/ecat_slv.c:148:6:TXPDO_update	16	static
../Platform/drivers/soes/ecat_slv.c:167:6:RXPDO_update	16	static
../Platform/drivers/soes/ecat_slv.c:188:6:APP_setwatchdog	0	static
../Platform/drivers/soes/ecat_slv.c:197:6:DIG_process	8	static
../Platform/drivers/soes/ecat_slv.c:264:6:ecat_slv_worker	8	static
../Platform/drivers/soes/ecat_slv.c:302:10:read_local_time	8	static
../Platform/drivers/soes/ecat_slv.c:313:6:ecat_slv_poll	8	static
../Platform/drivers/soes/ecat_slv.c:367:6:ecat_slv	8	static
../Platform/drivers/soes/ecat_slv.c:377:6:ecat_slv_init	8	static
