../Platform/drivers/soes/esc.c:1010:13:ESC_check_id_request	16	static
../Platform/drivers/soes/esc.c:23:6:ESC_ALerror	16	static
../Platform/drivers/soes/esc.c:1032:16:ESC_load_device_id	16	static
../Platform/drivers/soes/esc.c:36:6:ESC_ALstatus	16	static
../Platform/drivers/soes/esc.c:90:6:ESC_ALeventmaskwrite	16	static
../Platform/drivers/soes/esc.c:101:10:ESC_ALeventmaskread	16	static
../Platform/drivers/soes/esc.c:113:6:ESC_ALeventwrite	16	static
../Platform/drivers/soes/esc.c:124:10:ESC_ALeventread	16	static
../Platform/drivers/soes/esc.c:136:6:ESC_SMack	16	static
../Platform/drivers/soes/esc.c:147:6:ESC_SMstatus	8	static
../Platform/drivers/soes/esc.c:158:6:ESC_SMwritepdi	8	static
../Platform/drivers/soes/esc.c:169:6:ESC_SMenable	8	static
../Platform/drivers/soes/esc.c:180:6:ESC_SMdisable	8	static
../Platform/drivers/soes/esc.c:190:6:ESC_address	8	static
../Platform/drivers/soes/esc.c:200:9:ESC_WDstatus	16	static
../Platform/drivers/soes/esc.c:212:9:ESC_SYNCactivation	16	static
../Platform/drivers/soes/esc.c:223:10:ESC_SYNC0cycletime	16	static
../Platform/drivers/soes/esc.c:235:10:ESC_SYNC1cycletime	16	static
../Platform/drivers/soes/esc.c:248:10:ESC_checkDC	8	static
../Platform/drivers/soes/esc.c:283:9:ESC_checkmbx	16	static
../Platform/drivers/soes/esc.c:317:9:ESC_startmbx	8	static
../Platform/drivers/soes/esc.c:351:9:ESC_startmbxboot	8	static
../Platform/drivers/soes/esc.c:378:6:ESC_stopmbx	8	static
../Platform/drivers/soes/esc.c:407:6:ESC_readmbx	24	static
../Platform/drivers/soes/esc.c:433:6:ESC_writembx	16	static
../Platform/drivers/soes/esc.c:455:6:ESC_ackmbxread	16	static
../Platform/drivers/soes/esc.c:469:9:ESC_claimbuffer	0	static
../Platform/drivers/soes/esc.c:500:9:ESC_outreqbuffer	0	static
../Platform/drivers/soes/esc.c:515:6:MBX_error	8	static
../Platform/drivers/soes/esc.c:540:9:ESC_mbxprocess	8	static
../Platform/drivers/soes/esc.c:670:6:ESC_xoeprocess	8	static
../Platform/drivers/soes/esc.c:699:9:ESC_checkSM23	16	static
../Platform/drivers/soes/esc.c:791:9:ESC_startinput	8	static
../Platform/drivers/soes/esc.c:870:6:ESC_stopinput	8	static
../Platform/drivers/soes/esc.c:894:9:ESC_startoutput	8	static
../Platform/drivers/soes/esc.c:913:6:ESC_stopoutput	8	static
../Platform/drivers/soes/esc.c:52:6:ESC_ALstatusgotoerror	24	static
../Platform/drivers/soes/esc.c:924:6:ESC_sm_act_event	24	static
../Platform/drivers/soes/esc.c:1082:6:ESC_state	24	static
../Platform/drivers/soes/esc.c:1320:6:ESC_config	0	static
