../Platform/drivers/soes/esc_eoe.c:193:13:EOE_ip_uint32_to_byte	0	static
../Platform/drivers/soes/esc_eoe.c:205:13:EOE_ip_byte_to_uint32	0	static
../Platform/drivers/soes/esc_eoe.c:927:13:EOE_init_rx	8	static
../Platform/drivers/soes/esc_eoe.c:948:13:EOE_init_tx	8	static
../Platform/drivers/soes/esc_eoe.c:730:13:EOE_receive_fragment	24	static
../Platform/drivers/soes/esc_eoe.c:481:13:EOE_no_data_response	16	static
../Platform/drivers/soes/esc_eoe.c:619:13:EOE_set_ip	32	static
../Platform/drivers/soes/esc_eoe.c:501:13:EOE_get_ip	32	static
../Platform/drivers/soes/esc_eoe.c:828:13:EOE_send_fragment	16	static
../Platform/drivers/soes/esc_eoe.c:220:5:EOE_ecat_get_mac	0	static
../Platform/drivers/soes/esc_eoe.c:245:5:EOE_ecat_set_mac	0	static
../Platform/drivers/soes/esc_eoe.c:265:5:EOE_ecat_get_ip	0	static
../Platform/drivers/soes/esc_eoe.c:287:5:EOE_ecat_set_ip	0	static
../Platform/drivers/soes/esc_eoe.c:307:5:EOE_ecat_get_subnet	0	static
../Platform/drivers/soes/esc_eoe.c:329:5:EOE_ecat_set_subnet	0	static
../Platform/drivers/soes/esc_eoe.c:349:5:EOE_ecat_get_gateway	0	static
../Platform/drivers/soes/esc_eoe.c:372:5:EOE_ecat_set_gateway	0	static
../Platform/drivers/soes/esc_eoe.c:393:5:EOE_ecat_get_dns_ip	0	static
../Platform/drivers/soes/esc_eoe.c:415:5:EOE_ecat_set_dns_ip	0	static
../Platform/drivers/soes/esc_eoe.c:435:5:EOE_ecat_get_dns_name	4	static
../Platform/drivers/soes/esc_eoe.c:459:5:EOE_ecat_set_dns_name	8	static
../Platform/drivers/soes/esc_eoe.c:970:6:EOE_init	8	static
../Platform/drivers/soes/esc_eoe.c:983:6:EOE_config	0	static
../Platform/drivers/soes/esc_eoe.c:992:6:ESC_eoeprocess	8	static
../Platform/drivers/soes/esc_eoe.c:1068:6:ESC_eoeprocess_tx	8	static
