../Platform/drivers/soes/esc_coe.c:569:13:init_coesdo	4	static
../Platform/drivers/soes/esc_coe.c:1566:17:COE_bitsliceGet	24	static
../Platform/drivers/soes/esc_coe.c:1599:13:COE_bitsliceSet	48	static
../Platform/drivers/soes/esc_coe.c:1691:13:COE_setValue	0	static
../Platform/drivers/soes/esc_coe.c:1239:13:SDO_getodlistcont	16	static
../Platform/drivers/soes/esc_coe.c:1116:13:SDO_infoerror	16	static
../Platform/drivers/soes/esc_coe.c:1146:13:SDO_getodlist	24	static
../Platform/drivers/soes/esc_coe.c:255:13:SDO_abort	24	static
../Platform/drivers/soes/esc_coe.c:278:13:set_state_idle	8	static
../Platform/drivers/soes/esc_coe.c:243:13:copy2mbx	8	static
../Platform/drivers/soes/esc_coe.c:705:13:SDO_uploadsegment	40	static
../Platform/drivers/soes/esc_coe.c:472:17:complete_access_subindex_loop	40	static
../Platform/drivers/soes/esc_coe.c:1633:17:COE_getValue	8	static
../Platform/drivers/soes/esc_coe.c:51:9:SDO_findsubindex	4	static
../Platform/drivers/soes/esc_coe.c:83:9:SDO_findobject	0	static
../Platform/drivers/soes/esc_coe.c:444:17:complete_access_get_variables	16	static
../Platform/drivers/soes/esc_coe.c:588:13:SDO_upload_complete_access	64	static
../Platform/drivers/soes/esc_coe.c:918:13:SDO_download_complete_access	40	static
../Platform/drivers/soes/esc_coe.c:296:13:SDO_upload	56	static
../Platform/drivers/soes/esc_coe.c:771:13:SDO_download	40	static
../Platform/drivers/soes/esc_coe.c:1033:13:SDO_downloadsegment	32	static
../Platform/drivers/soes/esc_coe.c:1286:13:SDO_getod	32	static
../Platform/drivers/soes/esc_coe.c:1358:13:SDO_geted	24	static
../Platform/drivers/soes/esc_coe.c:118:10:sizeOfPDO	64	static
../Platform/drivers/soes/esc_coe.c:1429:6:ESC_coeprocess	8	static
../Platform/drivers/soes/esc_coe.c:1739:6:COE_initDefaultValues	24	static
../Platform/drivers/soes/esc_coe.c:1786:6:COE_pdoPack	40	static
../Platform/drivers/soes/esc_coe.c:1833:6:COE_pdoUnpack	24	static
../Platform/drivers/soes/esc_coe.c:1876:9:COE_maxSub	8	static
