../Platform/modules/canM/src/canM.c:104:16:canM_getDeviceId	0	static
../Platform/modules/canM/src/canM.c:180:12:canM_N_USData_indication	0	static
../Platform/modules/canM/src/canM.c:205:12:canM_N_USData_confirm	0	static
../Platform/modules/canM/src/canM.c:227:20:canM_WaitingEvent	16	static
../Platform/modules/canM/src/canM.c:280:20:canM_Process	0	static
../Platform/modules/canM/src/canM.c:141:12:canM_FDCanSend	56	static
../Platform/modules/canM/src/canM.c:89:17:canM_getCurrentTimeInMillis	8	static
../Platform/modules/canM/src/canM.c:65:13:canM_pollEvent	8	static
../Platform/modules/canM/src/canM.c:254:20:canM_ProcessEntry	8	static
../Platform/modules/canM/src/canM.c:308:20:canM_ProcessPost	24	static
../Platform/modules/canM/src/canM.c:442:6:canM_Start	8	static
../Platform/modules/canM/src/canM.c:469:6:canM_Stop	8	static
../Platform/modules/canM/src/canM.c:349:6:canM_SetNewBaudrate	16	static
../Platform/modules/canM/src/canM.c:492:6:canM_SetAddrTxRxDev	4	static
../Platform/modules/canM/src/canM.c:503:6:canM_GetAddrTxRxDev	0	static
../Platform/modules/canM/src/canM.c:514:6:canM_Send	24	static
../Platform/modules/canM/src/canM.c:542:6:canM_SendToAddr	88	static
../Platform/modules/canM/src/canM.c:564:6:canM_Read	24	static
../Platform/modules/canM/src/canM.c:588:6:canM_ReadAddr	32	static
../Platform/modules/canM/src/canM.c:611:6:canM_SetFunctionCallbackIsr	8	static
../Platform/modules/canM/src/canM.c:632:6:canM_IsDevWorking	0	static
../Platform/modules/canM/src/canM.c:639:6:canM_Init	16	static
../Platform/modules/canM/src/canM.c:670:13:tCanM_State_StatesName	0	static
../Platform/modules/canM/src/canM.c:692:6:canM_MainFunction	16	static
../Platform/modules/canM/src/canM.c:734:6:HAL_FDCAN_RxFifo0Callback	56	static,ignoring_inline_asm
