../Platform/drivers/can_iso_tp/can_iso_tp.c:49:13:printf_debug_msg	8	static
../Platform/drivers/can_iso_tp/can_iso_tp.c:427:12:rx_event_handle_poll	16	static
../Platform/drivers/can_iso_tp/can_iso_tp.c:472:12:rx_event_L_Data_Confirm	0	static
../Platform/drivers/can_iso_tp/can_iso_tp.c:666:13:rx_event_poll_handle	8	static
../Platform/drivers/can_iso_tp/can_iso_tp.c:673:13:rx_event_L_Data_Confirm_handle	8	static
../Platform/drivers/can_iso_tp/can_iso_tp.c:59:12:event_manage_block_init	8	static
../Platform/drivers/can_iso_tp/can_iso_tp.c:109:12:tx_event_cf_frame	24	static
../Platform/drivers/can_iso_tp/can_iso_tp.c:171:12:tx_event_poll	16	static
../Platform/drivers/can_iso_tp/can_iso_tp.c:638:13:tx_event_poll_handle	8	static
../Platform/drivers/can_iso_tp/can_iso_tp.c:227:12:tx_event_L_Data_Confirm	16	static
../Platform/drivers/can_iso_tp/can_iso_tp.c:645:13:tx_event_L_Data_Confirm_handle	8	static
../Platform/drivers/can_iso_tp/can_iso_tp.c:374:12:tx_event_L_Data_indication	16	static
../Platform/drivers/can_iso_tp/can_iso_tp.c:659:13:tx_event_L_Data_indication_handle	8	static
../Platform/drivers/can_iso_tp/can_iso_tp.c:485:12:rx_event_L_Data_indication	16	static
../Platform/drivers/can_iso_tp/can_iso_tp.c:681:13:rx_event_L_Data_indication_handle	8	static
../Platform/drivers/can_iso_tp/can_iso_tp.c:275:12:tx_event_N_USData_Request	24	static
../Platform/drivers/can_iso_tp/can_iso_tp.c:652:13:tx_event_N_USData_Request_handle	8	static
../Platform/drivers/can_iso_tp/can_iso_tp.c:69:12:report_event_to_manage_block	24	static
../Platform/drivers/can_iso_tp/can_iso_tp.c:33:16:dlc2len	0	static
../Platform/drivers/can_iso_tp/can_iso_tp.c:38:12:lenToMinDlc	0	static
../Platform/drivers/can_iso_tp/can_iso_tp.c:689:5:iso_can_tp_create	16	static
../Platform/drivers/can_iso_tp/can_iso_tp.c:786:6:iso_can_tp_poll	16	static
../Platform/drivers/can_iso_tp/can_iso_tp.c:825:5:iso_can_tp_L_Data_confirm	16	static
../Platform/drivers/can_iso_tp/can_iso_tp.c:890:5:iso_can_tp_L_Data_indication	16	static
../Platform/drivers/can_iso_tp/can_iso_tp.c:958:5:iso_can_tp_N_USData_request	24	static
