../Platform/tools/SystemView/SEGGER/SEGGER_SYSVIEW.c:425:12:_EncodeData	0	static
../Platform/tools/SystemView/SEGGER/SEGGER_SYSVIEW.c:470:12:_EncodeStr	4	static
../Platform/tools/SystemView/SEGGER/SEGGER_SYSVIEW.c:524:12:_PreparePacket	0	static
../Platform/tools/SystemView/SEGGER/SEGGER_SYSVIEW.c:608:12:_TrySendOverflowPacket	24	static
../Platform/tools/SystemView/SEGGER/SEGGER_SYSVIEW.c:1381:6:SEGGER_SYSVIEW_Init	40	static
../Platform/tools/SystemView/SEGGER/SEGGER_SYSVIEW.c:1432:6:SEGGER_SYSVIEW_SetRAMBase	0	static
../Platform/tools/SystemView/SEGGER/SEGGER_SYSVIEW.c:1889:5:SEGGER_SYSVIEW_GetChannelID	0	static
../Platform/tools/SystemView/SEGGER/SEGGER_SYSVIEW.c:1956:6:SEGGER_SYSVIEW_SendTaskList	8	static
../Platform/tools/SystemView/SEGGER/SEGGER_SYSVIEW.c:2477:5:SEGGER_SYSVIEW_EncodeU32	0	static
../Platform/tools/SystemView/SEGGER/SEGGER_SYSVIEW.c:2504:5:SEGGER_SYSVIEW_EncodeString	8	static
../Platform/tools/SystemView/SEGGER/SEGGER_SYSVIEW.c:2530:5:SEGGER_SYSVIEW_EncodeData	8	static
../Platform/tools/SystemView/SEGGER/SEGGER_SYSVIEW.c:2558:5:SEGGER_SYSVIEW_EncodeId	0	static
../Platform/tools/SystemView/SEGGER/SEGGER_SYSVIEW.c:2586:5:SEGGER_SYSVIEW_ShrinkId	0	static
../Platform/tools/SystemView/SEGGER/SEGGER_SYSVIEW.c:2729:6:SEGGER_SYSVIEW_SendModuleDescription	8	static
../Platform/tools/SystemView/SEGGER/SEGGER_SYSVIEW.c:2750:6:SEGGER_SYSVIEW_SendNumModules	8	static,ignoring_inline_asm
../Platform/tools/SystemView/SEGGER/SEGGER_SYSVIEW.c:1816:6:SEGGER_SYSVIEW_Start	16	static,ignoring_inline_asm
../Platform/tools/SystemView/SEGGER/SEGGER_SYSVIEW.c:541:13:_HandleIncomingPacket	16	static
../Platform/tools/SystemView/SEGGER/SEGGER_SYSVIEW.c:713:13:_SendPacket	16	static
../Platform/tools/SystemView/SEGGER/SEGGER_SYSVIEW.c:1446:6:SEGGER_SYSVIEW_RecordVoid	16	static,ignoring_inline_asm
../Platform/tools/SystemView/SEGGER/SEGGER_SYSVIEW.c:1466:6:SEGGER_SYSVIEW_RecordU32	16	static,ignoring_inline_asm
../Platform/tools/SystemView/SEGGER/SEGGER_SYSVIEW.c:1489:6:SEGGER_SYSVIEW_RecordU32x2	24	static,ignoring_inline_asm
../Platform/tools/SystemView/SEGGER/SEGGER_SYSVIEW.c:2004:6:SEGGER_SYSVIEW_RecordSystime	8	static
../Platform/tools/SystemView/SEGGER/SEGGER_SYSVIEW.c:1514:6:SEGGER_SYSVIEW_RecordU32x3	24	static,ignoring_inline_asm
../Platform/tools/SystemView/SEGGER/SEGGER_SYSVIEW.c:1541:6:SEGGER_SYSVIEW_RecordU32x4	32	static,ignoring_inline_asm
../Platform/tools/SystemView/SEGGER/SEGGER_SYSVIEW.c:1570:6:SEGGER_SYSVIEW_RecordU32x5	32	static,ignoring_inline_asm
../Platform/tools/SystemView/SEGGER/SEGGER_SYSVIEW.c:1601:6:SEGGER_SYSVIEW_RecordU32x6	40	static,ignoring_inline_asm
../Platform/tools/SystemView/SEGGER/SEGGER_SYSVIEW.c:1634:6:SEGGER_SYSVIEW_RecordU32x7	48	static,ignoring_inline_asm
../Platform/tools/SystemView/SEGGER/SEGGER_SYSVIEW.c:1669:6:SEGGER_SYSVIEW_RecordU32x8	48	static,ignoring_inline_asm
../Platform/tools/SystemView/SEGGER/SEGGER_SYSVIEW.c:1706:6:SEGGER_SYSVIEW_RecordU32x9	48	static,ignoring_inline_asm
../Platform/tools/SystemView/SEGGER/SEGGER_SYSVIEW.c:1745:6:SEGGER_SYSVIEW_RecordU32x10	48	static,ignoring_inline_asm
../Platform/tools/SystemView/SEGGER/SEGGER_SYSVIEW.c:1780:6:SEGGER_SYSVIEW_RecordString	24	static,ignoring_inline_asm
../Platform/tools/SystemView/SEGGER/SEGGER_SYSVIEW.c:1871:6:SEGGER_SYSVIEW_Stop	8	static,ignoring_inline_asm
../Platform/tools/SystemView/SEGGER/SEGGER_SYSVIEW.c:1901:6:SEGGER_SYSVIEW_GetSysDesc	8	static,ignoring_inline_asm
../Platform/tools/SystemView/SEGGER/SEGGER_SYSVIEW.c:1929:6:SEGGER_SYSVIEW_SendTaskInfo	16	static,ignoring_inline_asm
../Platform/tools/SystemView/SEGGER/SEGGER_SYSVIEW.c:1986:6:SEGGER_SYSVIEW_SendSysDesc	16	static,ignoring_inline_asm
../Platform/tools/SystemView/SEGGER/SEGGER_SYSVIEW.c:2028:6:SEGGER_SYSVIEW_RecordEnterISR	8	static,ignoring_inline_asm
../Platform/tools/SystemView/SEGGER/SEGGER_SYSVIEW.c:2055:6:SEGGER_SYSVIEW_RecordExitISR	8	static,ignoring_inline_asm
../Platform/tools/SystemView/SEGGER/SEGGER_SYSVIEW.c:2077:6:SEGGER_SYSVIEW_RecordExitISRToScheduler	8	static,ignoring_inline_asm
../Platform/tools/SystemView/SEGGER/SEGGER_SYSVIEW.c:2095:6:SEGGER_SYSVIEW_RecordEnterTimer	16	static,ignoring_inline_asm
../Platform/tools/SystemView/SEGGER/SEGGER_SYSVIEW.c:2113:6:SEGGER_SYSVIEW_RecordExitTimer	8	static,ignoring_inline_asm
../Platform/tools/SystemView/SEGGER/SEGGER_SYSVIEW.c:2131:6:SEGGER_SYSVIEW_RecordEndCall	16	static,ignoring_inline_asm
../Platform/tools/SystemView/SEGGER/SEGGER_SYSVIEW.c:2153:6:SEGGER_SYSVIEW_RecordEndCallU32	16	static,ignoring_inline_asm
../Platform/tools/SystemView/SEGGER/SEGGER_SYSVIEW.c:2172:6:SEGGER_SYSVIEW_OnIdle	8	static,ignoring_inline_asm
../Platform/tools/SystemView/SEGGER/SEGGER_SYSVIEW.c:2191:6:SEGGER_SYSVIEW_OnTaskCreate	16	static,ignoring_inline_asm
../Platform/tools/SystemView/SEGGER/SEGGER_SYSVIEW.c:2216:6:SEGGER_SYSVIEW_OnTaskTerminate	16	static,ignoring_inline_asm
../Platform/tools/SystemView/SEGGER/SEGGER_SYSVIEW.c:2240:6:SEGGER_SYSVIEW_OnTaskStartExec	16	static,ignoring_inline_asm
../Platform/tools/SystemView/SEGGER/SEGGER_SYSVIEW.c:2260:6:SEGGER_SYSVIEW_OnTaskStopExec	8	static,ignoring_inline_asm
../Platform/tools/SystemView/SEGGER/SEGGER_SYSVIEW.c:2278:6:SEGGER_SYSVIEW_OnTaskStartReady	16	static,ignoring_inline_asm
../Platform/tools/SystemView/SEGGER/SEGGER_SYSVIEW.c:2301:6:SEGGER_SYSVIEW_OnTaskStopReady	16	static,ignoring_inline_asm
../Platform/tools/SystemView/SEGGER/SEGGER_SYSVIEW.c:2324:6:SEGGER_SYSVIEW_MarkStart	16	static,ignoring_inline_asm
../Platform/tools/SystemView/SEGGER/SEGGER_SYSVIEW.c:2345:6:SEGGER_SYSVIEW_MarkStop	16	static,ignoring_inline_asm
../Platform/tools/SystemView/SEGGER/SEGGER_SYSVIEW.c:2366:6:SEGGER_SYSVIEW_Mark	16	static,ignoring_inline_asm
../Platform/tools/SystemView/SEGGER/SEGGER_SYSVIEW.c:2393:6:SEGGER_SYSVIEW_NameMarker	24	static,ignoring_inline_asm
../Platform/tools/SystemView/SEGGER/SEGGER_SYSVIEW.c:2421:6:SEGGER_SYSVIEW_NameResource	24	static,ignoring_inline_asm
../Platform/tools/SystemView/SEGGER/SEGGER_SYSVIEW.c:2450:5:SEGGER_SYSVIEW_SendPacket	8	static,ignoring_inline_asm
../Platform/tools/SystemView/SEGGER/SEGGER_SYSVIEW.c:2649:6:SEGGER_SYSVIEW_RecordModuleDescription	24	static,ignoring_inline_asm
../Platform/tools/SystemView/SEGGER/SEGGER_SYSVIEW.c:2690:6:SEGGER_SYSVIEW_SendModule	24	static,ignoring_inline_asm
../Platform/tools/SystemView/SEGGER/SEGGER_SYSVIEW.c:2608:6:SEGGER_SYSVIEW_RegisterModule	16	static,ignoring_inline_asm
../Platform/tools/SystemView/SEGGER/SEGGER_SYSVIEW.c:918:12:_VPrintHost	88	static,ignoring_inline_asm
../Platform/tools/SystemView/SEGGER/SEGGER_SYSVIEW.c:999:13:_StoreChar	16	static
../Platform/tools/SystemView/SEGGER/SEGGER_SYSVIEW.c:1041:13:_PrintUnsigned	40	static
../Platform/tools/SystemView/SEGGER/SEGGER_SYSVIEW.c:1132:13:_PrintInt	40	static
../Platform/tools/SystemView/SEGGER/SEGGER_SYSVIEW.c:1205:13:_VPrintTarget	56	static,ignoring_inline_asm
../Platform/tools/SystemView/SEGGER/SEGGER_SYSVIEW.c:2777:6:SEGGER_SYSVIEW_PrintfHostEx	12	static
../Platform/tools/SystemView/SEGGER/SEGGER_SYSVIEW.c:2811:6:SEGGER_SYSVIEW_PrintfHost	16	static
../Platform/tools/SystemView/SEGGER/SEGGER_SYSVIEW.c:2846:6:SEGGER_SYSVIEW_WarnfHost	16	static
../Platform/tools/SystemView/SEGGER/SEGGER_SYSVIEW.c:2881:6:SEGGER_SYSVIEW_ErrorfHost	16	static
../Platform/tools/SystemView/SEGGER/SEGGER_SYSVIEW.c:2914:6:SEGGER_SYSVIEW_PrintfTargetEx	12	static
../Platform/tools/SystemView/SEGGER/SEGGER_SYSVIEW.c:2933:6:SEGGER_SYSVIEW_PrintfTarget	16	static
../Platform/tools/SystemView/SEGGER/SEGGER_SYSVIEW.c:2952:6:SEGGER_SYSVIEW_WarnfTarget	16	static
../Platform/tools/SystemView/SEGGER/SEGGER_SYSVIEW.c:2971:6:SEGGER_SYSVIEW_ErrorfTarget	16	static
../Platform/tools/SystemView/SEGGER/SEGGER_SYSVIEW.c:2990:6:SEGGER_SYSVIEW_Print	16	static,ignoring_inline_asm
../Platform/tools/SystemView/SEGGER/SEGGER_SYSVIEW.c:3012:6:SEGGER_SYSVIEW_Warn	16	static,ignoring_inline_asm
../Platform/tools/SystemView/SEGGER/SEGGER_SYSVIEW.c:3034:6:SEGGER_SYSVIEW_Error	16	static,ignoring_inline_asm
../Platform/tools/SystemView/SEGGER/SEGGER_SYSVIEW.c:3056:6:SEGGER_SYSVIEW_EnableEvents	0	static
../Platform/tools/SystemView/SEGGER/SEGGER_SYSVIEW.c:3070:6:SEGGER_SYSVIEW_DisableEvents	0	static
../Platform/tools/SystemView/SEGGER/SEGGER_SYSVIEW.c:3085:5:SEGGER_SYSVIEW_IsStarted	8	static
